// Jest Snapshot v1, https://goo.gl/fbAQLP

exports[`should render App component 1`] = `
<div>
  <div
    role="main"
  >
    <h1>
      Home
    </h1>
  </div>
</div>
`;
